
> nextjs-blog-github-cms@1.0.0 build C:\Users\rebec\Downloads\nextjs-standard-pwa-main-main\nextjs-standard-pwa-main-main
> next build

   Γû▓ Next.js 15.5.2
   - Environments: .env.local

   Creating an optimized production build ...
> [PWA] Compile server
> [PWA] Compile server
> [PWA] Compile client (static)
> [PWA] Auto register service worker with: C:\Users\rebec\Downloads\nextjs-standard-pwa-main-main\nextjs-standard-pwa-main-main\node_modules\.pnpm\next-pwa@5.6.0_@babel+core@_4eb9aea2744154e08e0840ab2a9a712f\node_modules\next-pwa\register.js
> [PWA] Service worker: C:\Users\rebec\Downloads\nextjs-standard-pwa-main-main\nextjs-standard-pwa-main-main\public\sw.js
> [PWA]   url: /sw.js
> [PWA]   scope: /
 Γ£ô Compiled successfully in 5.7s
   Linting and checking validity of types ...
   Collecting page data ...
node.exe :  ΓÜá Using edge runtime on a page currently disables static generation for that page
At C:\Users\rebec\AppData\Roaming\npm\pnpm.ps1:24 char:5
+     & "node$exe"  "$basedir/node_modules/pnpm/bin/pnpm.cjs" $args
+     ~~~~~~~~~~~~~~~~~~~~~~~~~~~~~~~~~~~~~~~~~~~~~~~~~~~~~~~~~~~~~
    + CategoryInfo          : NotSpecified: ( ΓÜá Using edge...n for that page:String) [], RemoteEx 
   ception
    + FullyQualifiedErrorId : NativeCommandError
 
   Generating static pages (0/18) ...
[Cache MISS] GitHub blog list - fetching from API
   Generating static pages (4/18) 
   Generating static pages (8/18) 
[Cache HIT] GitHub blog list
[Cache MISS] GitHub recipes list - fetching from API
   Generating static pages (13/18) 
 Γ£ô Generating static pages (18/18)
   Finalizing page optimization ...
   Collecting build traces ...

Route (app)                                 Size  First Load JS  Revalidate  Expire
Γöî Γùï /                                     3.1 kB         111 kB
Γö£ Γùï /_not-found                            194 B         102 kB
Γö£ Γùï /about                                 194 B         102 kB
Γö£ Γùï /admin/create                        3.71 kB         158 kB
Γö£ Γùï /admin/dashboard                     6.29 kB         121 kB
Γö£ ╞Æ /admin/edit/[slug]                   4.01 kB         158 kB
Γö£ Γùï /admin/login                         4.13 kB         109 kB
Γö£ ╞Æ /api/auth/login                        194 B         102 kB
Γö£ ╞Æ /api/auth/logout                       194 B         102 kB
Γö£ ╞Æ /api/bing-submit                       194 B         102 kB
Γö£ ╞Æ /api/posts                             194 B         102 kB
Γö£ ╞Æ /api/posts/[slug]                      194 B         102 kB
Γö£ ╞Æ /api/posts/delete                      194 B         102 kB
Γö£ ╞Æ /api/posts/update                      194 B         102 kB
Γö£ ╞Æ /api/recipes                           194 B         102 kB
Γö£ ╞Æ /api/recipes/delete                    194 B         102 kB
Γö£ ╞Æ /api/recipes/update                    194 B         102 kB
Γö£ ╞Æ /api/search                            194 B         102 kB
Γö£ ╞Æ /api/videos                            194 B         102 kB
Γö£ ╞Æ /blog                                4.72 kB         110 kB
Γö£ ╞Æ /blog/[slug]                         2.37 kB         157 kB
Γö£ Γùï /contact                               194 B         102 kB
Γö£ Γùï /disclaimer                            194 B         102 kB
Γö£ Γùï /favorites                           5.07 kB         110 kB
Γö£ Γùï /offline                             2.97 kB         108 kB
Γö£ Γùï /privacy                               194 B         102 kB
Γö£ ╞Æ /recipes                             3.24 kB         111 kB
Γö£ ╞Æ /recipes/[slug]                       3.5 kB         158 kB
Γö£ Γùï /robots.txt                            194 B         102 kB
Γö£ Γùï /search                              5.38 kB         110 kB
Γö£ Γùï /sitemap.xml                           194 B         102 kB          1h      1y
Γö£ Γùï /terms                                 194 B         102 kB
Γöö Γùï /videos                              4.48 kB         106 kB
+ First Load JS shared by all             102 kB
  Γö£ chunks/4329-4466f492e149abc2.js      45.4 kB
  Γö£ chunks/aca4e0ed-370ce328ee8c3d9e.js  54.2 kB
  Γöö other shared chunks (total)          2.03 kB


╞Æ Middleware                             34.5 kB

Γùï  (Static)   prerendered as static content
╞Æ  (Dynamic)  server-rendered on demand

